ivank@hp:/$ exit
Exiting emulator...
ivank@hp:/$ ls
virtual_fs
ivank@hp:/$ cd virtual_fs
ivank@hp:/virtual_fs$ ls
home
ivank@hp:/virtual_fs$ cd home
ivank@hp:/virtual_fs/home$ ls
cuwuvaa
ivank@hp:/virtual_fs/home$ cd cuwuvaa
ivank@hp:/virtual_fs/home/cuwuvaa$ ls
.bash_history
.bash_logout
.bashrc
.cache
.java
.landscape
.lesshst
.local
.motd_shown
.profile
.sudo_as_admin_successful
.viminfo
GitVisualizer
MyGitRepo
TestRepo
amneziawg-go
git_dependency_visualizer.py
react
script
ivank@hp:/virtual_fs/home/cuwuvaa$ cd react
ivank@hp:/virtual_fs/home/cuwuvaa/react$ ls
.codesandbox
.editorconfig
.eslintignore
.eslintrc.js
.git
.git-blame-ignore-revs
.gitattributes
.github
.gitignore
.mailmap
.nvmrc
.prettierignore
.prettierrc.js
.watchmanconfig
CHANGELOG-canary.md
CHANGELOG.md
CODE_OF_CONDUCT.md
CONTRIBUTING.md
LICENSE
README.md
ReactVersions.js
SECURITY.md
babel.config.js
compiler
dangerfile.js
fixtures
netlify.toml
package.json
packages
react.code-workspace
scripts
yarn.lock
ivank@hp:/virtual_fs/home/cuwuvaa/react$ cd ..
ivank@hp:/virtual_fs/home/cuwuvaa$ ls
.bash_history
.bash_logout
.bashrc
.cache
.java
.landscape
.lesshst
.local
.motd_shown
.profile
.sudo_as_admin_successful
.viminfo
GitVisualizer
MyGitRepo
TestRepo
amneziawg-go
git_dependency_visualizer.py
react
script
ivank@hp:/virtual_fs/home/cuwuvaa$ cd .local
ivank@hp:/virtual_fs/home/cuwuvaa/.local$ ls
share
ivank@hp:/virtual_fs/home/cuwuvaa/.local$ cd ..
ivank@hp:/virtual_fs/home/cuwuvaa$ cd ..
ivank@hp:/virtual_fs/home$ cd cd
Error: directory not found.
ivank@hp:/virtual_fs/home$ cd c.d..d.d.
Error: directory not found.
ivank@hp:/virtual_fs/home$ cd ..cc.d.
Error: directory not found.
ivank@hp:/virtual_fs/home$ cd ../././../
ivank@hp:/$ ls
virtual_fs
ivank@hp:/$ cd virtual_fs
ivank@hp:/virtual_fs$ cd ./././/.///././
ivank@hp:/virtual_fs$ cd /././././////////
ivank@hp:/$ cd ////////////
ivank@hp:/$ ls
virtual_fs
ivank@hp:/$ cd virtual_fs
ivank@hp:/virtual_fs$ cd ././../././]
Error: directory not found.
ivank@hp:/virtual_fs$ ls
home
ivank@hp:/virtual_fs$ cd home
ivank@hp:/virtual_fs/home$ ls
cuwuvaa
ivank@hp:/virtual_fs/home$ cd cuwuvaa
ivank@hp:/virtual_fs/home/cuwuvaa$ ls
.bash_history
.bash_logout
.bashrc
.cache
.java
.landscape
.lesshst
.local
.motd_shown
.profile
.sudo_as_admin_successful
.viminfo
GitVisualizer
MyGitRepo
TestRepo
amneziawg-go
git_dependency_visualizer.py
react
script
ivank@hp:/virtual_fs/home/cuwuvaa$ cd //////////////
ivank@hp:/$ exit
Exiting emulator...
